// Jest Snapshot v1, https://goo.gl/fbAQLP

exports[`should render ExpenseListItem correctly 1`] = `
<div
  className="expense"
>
  <Link
    replace={false}
    to="/edit/1"
  >
    <h3>
       
      Guinness
       
    </h3>
  </Link>
  <p
    className="expense__text"
  >
    500
     - 
    0
  </p>
</div>
`;
