// Jest Snapshot v1, https://goo.gl/fbAQLP

exports[`should render ExpenseList with empty message 1`] = `
<div>
  <p>
    No Expenses
  </p>
</div>
`;

exports[`should render ExpenseList with expenses 1`] = `
<div>
  <ExpenseListItem
    amount={500}
    createdAt={0}
    description="Guinness"
    id="1"
    key="1"
    note="favorite standby"
  />
  <ExpenseListItem
    amount={400}
    createdAt={-345600000}
    description="Chocolate Bock"
    id="2"
    key="2"
    note="aweful"
  />
  <ExpenseListItem
    amount={600}
    createdAt={345600000}
    description="Blood Orange Gose"
    id="3"
    key="3"
    note="tasty!"
  />
</div>
`;
